Info: *******************************************************************
Info: Running Quartus Prime Shell
    Info: Version 18.1.0 Build 625 09/12/2018 SJ Lite Edition
    Info: Copyright (C) 2018  Intel Corporation. All rights reserved.
    Info: Your use of Intel Corporation's design tools, logic functions 
    Info: and other software and tools, and its AMPP partner logic 
    Info: functions, and any output files from any of the foregoing 
    Info: (including device programming or simulation files), and any 
    Info: associated documentation or information are expressly subject 
    Info: to the terms and conditions of the Intel Program License 
    Info: Subscription Agreement, the Intel Quartus Prime License Agreement,
    Info: the Intel FPGA IP License Agreement, or other applicable license
    Info: agreement, including, without limitation, that your use is for
    Info: the sole purpose of programming logic devices manufactured by
    Info: Intel and sold by Intel or its authorized distributors.  Please
    Info: refer to the applicable agreement for further details.
    Info: Processing started: Thu Jul 30 01:44:30 2026
Info: Command: quartus_sh --flow compile vga_oscilloscope
Info: Quartus(args): compile vga_oscilloscope
Info: Project Name = C:/Users/31368/Desktop/God3.0/God3.0/quartus/vga_oscilloscope
Info: Revision Name = vga_oscilloscope
Info: *******************************************************************
Info: Running Quartus Prime Analysis & Synthesis
    Info: Version 18.1.0 Build 625 09/12/2018 SJ Lite Edition
    Info: Processing started: Thu Jul 30 01:44:30 2026
Info: Command: quartus_map --read_settings_files=on --write_settings_files=off vga_oscilloscope -c vga_oscilloscope
Warning (18236): Number of processors has not been specified which may cause overloading on shared machines.  Set the global assignment NUM_PARALLEL_PROCESSORS in your QSF to an appropriate value for best performance.
Info (20030): Parallel compilation is enabled and will use 16 of the 24 processors detected
Info (12021): Found 1 design units, including 1 entities, in source file /users/31368/desktop/god3.0/god3.0/rtl/vga_ctrl_simple.v
    Info (12023): Found entity 1: vga_ctrl_simple File: C:/Users/31368/Desktop/God3.0/God3.0/rtl/vga_ctrl_simple.v Line: 15
Info (12021): Found 1 design units, including 1 entities, in source file /users/31368/desktop/god3.0/god3.0/rtl/audio_fifo.v
    Info (12023): Found entity 1: audio_fifo File: C:/Users/31368/Desktop/God3.0/God3.0/rtl/audio_fifo.v Line: 30
Info (12021): Found 1 design units, including 1 entities, in source file /users/31368/desktop/god3.0/god3.0/rtl/pcm1808_i2s_rx.v
    Info (12023): Found entity 1: pcm1808_i2s_rx File: C:/Users/31368/Desktop/God3.0/God3.0/rtl/pcm1808_i2s_rx.v Line: 22
Info (12021): Found 1 design units, including 1 entities, in source file /users/31368/desktop/god3.0/god3.0/rtl/fifo_sample_reader.v
    Info (12023): Found entity 1: fifo_sample_reader File: C:/Users/31368/Desktop/God3.0/God3.0/rtl/fifo_sample_reader.v Line: 25
Info (12021): Found 1 design units, including 1 entities, in source file /users/31368/desktop/god3.0/god3.0/rtl/wave_trigger.v
    Info (12023): Found entity 1: wave_trigger File: C:/Users/31368/Desktop/God3.0/God3.0/rtl/wave_trigger.v Line: 41
Info (12021): Found 1 design units, including 1 entities, in source file /users/31368/desktop/god3.0/god3.0/rtl/wave_smooth.v
    Info (12023): Found entity 1: wave_smooth File: C:/Users/31368/Desktop/God3.0/God3.0/rtl/wave_smooth.v Line: 22
Info (12021): Found 1 design units, including 1 entities, in source file /users/31368/desktop/god3.0/god3.0/rtl/wave_capture.v
    Info (12023): Found entity 1: wave_capture File: C:/Users/31368/Desktop/God3.0/God3.0/rtl/wave_capture.v Line: 29
Info (12021): Found 1 design units, including 1 entities, in source file /users/31368/desktop/god3.0/god3.0/rtl/wave_buffer_dp.v
    Info (12023): Found entity 1: wave_buffer_dp File: C:/Users/31368/Desktop/God3.0/God3.0/rtl/wave_buffer_dp.v Line: 12
Info (12021): Found 1 design units, including 1 entities, in source file /users/31368/desktop/god3.0/god3.0/rtl/wave_uart_export.v
    Info (12023): Found entity 1: wave_uart_export File: C:/Users/31368/Desktop/God3.0/God3.0/rtl/wave_uart_export.v Line: 37
Info (12021): Found 1 design units, including 1 entities, in source file /users/31368/desktop/god3.0/god3.0/rtl/defect_analyzer.v
    Info (12023): Found entity 1: defect_analyzer File: C:/Users/31368/Desktop/God3.0/God3.0/rtl/defect_analyzer.v Line: 16
Info (12021): Found 1 design units, including 1 entities, in source file /users/31368/desktop/god3.0/god3.0/rtl/defect_distance_calc.v
    Info (12023): Found entity 1: defect_distance_calc File: C:/Users/31368/Desktop/God3.0/God3.0/rtl/defect_distance_calc.v Line: 16
Info (12021): Found 1 design units, including 1 entities, in source file /users/31368/desktop/god3.0/god3.0/rtl/vga_status_overlay.v
    Info (12023): Found entity 1: vga_status_overlay File: C:/Users/31368/Desktop/God3.0/God3.0/rtl/vga_status_overlay.v Line: 31
Info (12021): Found 1 design units, including 1 entities, in source file /users/31368/desktop/god3.0/god3.0/rtl/vga_waveform_precision.v
    Info (12023): Found entity 1: vga_waveform_precision File: C:/Users/31368/Desktop/God3.0/God3.0/rtl/vga_waveform_precision.v Line: 17
Info (12021): Found 1 design units, including 1 entities, in source file /users/31368/desktop/god3.0/god3.0/rtl/key_debounce.v
    Info (12023): Found entity 1: key_debounce File: C:/Users/31368/Desktop/God3.0/God3.0/rtl/key_debounce.v Line: 7
Info (12021): Found 1 design units, including 1 entities, in source file /users/31368/desktop/god3.0/god3.0/rtl/vga_dual_mode_top.v
    Info (12023): Found entity 1: vga_dual_mode_top File: C:/Users/31368/Desktop/God3.0/God3.0/rtl/vga_dual_mode_top.v Line: 21
Info (12021): Found 1 design units, including 1 entities, in source file /users/31368/desktop/god3.0/god3.0/rtl/buzzer_beep.v
    Info (12023): Found entity 1: buzzer_beep File: C:/Users/31368/Desktop/God3.0/God3.0/rtl/buzzer_beep.v Line: 8
Info (12021): Found 1 design units, including 1 entities, in source file /users/31368/desktop/god3.0/god3.0/rtl/uart_tx.v
    Info (12023): Found entity 1: uart_tx File: C:/Users/31368/Desktop/God3.0/God3.0/rtl/uart_tx.v Line: 20
Info (12021): Found 1 design units, including 1 entities, in source file ip_core/clk_gen/clk_gen.v
    Info (12023): Found entity 1: clk_gen File: C:/Users/31368/Desktop/God3.0/God3.0/quartus/ip_core/clk_gen/clk_gen.v Line: 39
Info (12127): Elaborating entity "vga_dual_mode_top" for the top level hierarchy
Warning (10036): Verilog HDL or VHDL warning at vga_dual_mode_top.v(647): object "dbg_probe" assigned a value but never read File: C:/Users/31368/Desktop/God3.0/God3.0/rtl/vga_dual_mode_top.v Line: 647
Info (12128): Elaborating entity "clk_gen" for hierarchy "clk_gen:u_clk_gen" File: C:/Users/31368/Desktop/God3.0/God3.0/rtl/vga_dual_mode_top.v Line: 70
Info (12128): Elaborating entity "altpll" for hierarchy "clk_gen:u_clk_gen|altpll:altpll_component" File: C:/Users/31368/Desktop/God3.0/God3.0/quartus/ip_core/clk_gen/clk_gen.v Line: 115
Info (12130): Elaborated megafunction instantiation "clk_gen:u_clk_gen|altpll:altpll_component" File: C:/Users/31368/Desktop/God3.0/God3.0/quartus/ip_core/clk_gen/clk_gen.v Line: 115
Info (12133): Instantiated megafunction "clk_gen:u_clk_gen|altpll:altpll_component" with the following parameter: File: C:/Users/31368/Desktop/God3.0/God3.0/quartus/ip_core/clk_gen/clk_gen.v Line: 115
    Info (12134): Parameter "bandwidth_type" = "AUTO"
    Info (12134): Parameter "clk0_divide_by" = "5"
    Info (12134): Parameter "clk0_duty_cycle" = "50"
    Info (12134): Parameter "clk0_multiply_by" = "4"
    Info (12134): Parameter "clk0_phase_shift" = "0"
    Info (12134): Parameter "clk1_divide_by" = "55"
    Info (12134): Parameter "clk1_duty_cycle" = "50"
    Info (12134): Parameter "clk1_multiply_by" = "27"
    Info (12134): Parameter "clk1_phase_shift" = "0"
    Info (12134): Parameter "clk2_divide_by" = "220"
    Info (12134): Parameter "clk2_duty_cycle" = "50"
    Info (12134): Parameter "clk2_multiply_by" = "27"
    Info (12134): Parameter "clk2_phase_shift" = "0"
    Info (12134): Parameter "clk3_divide_by" = "25"
    Info (12134): Parameter "clk3_duty_cycle" = "50"
    Info (12134): Parameter "clk3_multiply_by" = "12"
    Info (12134): Parameter "clk3_phase_shift" = "0"
    Info (12134): Parameter "compensate_clock" = "CLK0"
    Info (12134): Parameter "inclk0_input_frequency" = "20000"
    Info (12134): Parameter "intended_device_family" = "Cyclone IV E"
    Info (12134): Parameter "lpm_hint" = "CBX_MODULE_PREFIX=clk_gen"
    Info (12134): Parameter "lpm_type" = "altpll"
    Info (12134): Parameter "operation_mode" = "NORMAL"
    Info (12134): Parameter "pll_type" = "AUTO"
    Info (12134): Parameter "port_activeclock" = "PORT_UNUSED"
    Info (12134): Parameter "port_areset" = "PORT_USED"
    Info (12134): Parameter "port_clkbad0" = "PORT_UNUSED"
    Info (12134): Parameter "port_clkbad1" = "PORT_UNUSED"
    Info (12134): Parameter "port_clkloss" = "PORT_UNUSED"
    Info (12134): Parameter "port_clkswitch" = "PORT_UNUSED"
    Info (12134): Parameter "port_configupdate" = "PORT_UNUSED"
    Info (12134): Parameter "port_fbin" = "PORT_UNUSED"
    Info (12134): Parameter "port_inclk0" = "PORT_USED"
    Info (12134): Parameter "port_inclk1" = "PORT_UNUSED"
    Info (12134): Parameter "port_locked" = "PORT_USED"
    Info (12134): Parameter "port_pfdena" = "PORT_UNUSED"
    Info (12134): Parameter "port_phasecounterselect" = "PORT_UNUSED"
    Info (12134): Parameter "port_phasedone" = "PORT_UNUSED"
    Info (12134): Parameter "port_phasestep" = "PORT_UNUSED"
    Info (12134): Parameter "port_phaseupdown" = "PORT_UNUSED"
    Info (12134): Parameter "port_pllena" = "PORT_UNUSED"
    Info (12134): Parameter "port_scanaclr" = "PORT_UNUSED"
    Info (12134): Parameter "port_scanclk" = "PORT_UNUSED"
    Info (12134): Parameter "port_scanclkena" = "PORT_UNUSED"
    Info (12134): Parameter "port_scandata" = "PORT_UNUSED"
    Info (12134): Parameter "port_scandataout" = "PORT_UNUSED"
    Info (12134): Parameter "port_scandone" = "PORT_UNUSED"
    Info (12134): Parameter "port_scanread" = "PORT_UNUSED"
    Info (12134): Parameter "port_scanwrite" = "PORT_UNUSED"
    Info (12134): Parameter "port_clk0" = "PORT_USED"
    Info (12134): Parameter "port_clk1" = "PORT_USED"
    Info (12134): Parameter "port_clk2" = "PORT_USED"
    Info (12134): Parameter "port_clk3" = "PORT_USED"
    Info (12134): Parameter "port_clk4" = "PORT_UNUSED"
    Info (12134): Parameter "port_clk5" = "PORT_UNUSED"
    Info (12134): Parameter "port_clkena0" = "PORT_UNUSED"
    Info (12134): Parameter "port_clkena1" = "PORT_UNUSED"
    Info (12134): Parameter "port_clkena2" = "PORT_UNUSED"
    Info (12134): Parameter "port_clkena3" = "PORT_UNUSED"
    Info (12134): Parameter "port_clkena4" = "PORT_UNUSED"
    Info (12134): Parameter "port_clkena5" = "PORT_UNUSED"
    Info (12134): Parameter "port_extclk0" = "PORT_UNUSED"
    Info (12134): Parameter "port_extclk1" = "PORT_UNUSED"
    Info (12134): Parameter "port_extclk2" = "PORT_UNUSED"
    Info (12134): Parameter "port_extclk3" = "PORT_UNUSED"
    Info (12134): Parameter "self_reset_on_loss_lock" = "OFF"
    Info (12134): Parameter "width_clock" = "5"
Info (12021): Found 1 design units, including 1 entities, in source file db/clk_gen_altpll.v
    Info (12023): Found entity 1: clk_gen_altpll File: C:/Users/31368/Desktop/God3.0/God3.0/quartus/db/clk_gen_altpll.v Line: 30
Info (12128): Elaborating entity "clk_gen_altpll" for hierarchy "clk_gen:u_clk_gen|altpll:altpll_component|clk_gen_altpll:auto_generated" File: c:/intelfpga_lite/18.1/quartus/libraries/megafunctions/altpll.tdf Line: 897
Info (12128): Elaborating entity "key_debounce" for hierarchy "key_debounce:u_key_freeze" File: C:/Users/31368/Desktop/God3.0/God3.0/rtl/vga_dual_mode_top.v Line: 131
Info (12128): Elaborating entity "buzzer_beep" for hierarchy "buzzer_beep:u_buzzer_beep" File: C:/Users/31368/Desktop/God3.0/God3.0/rtl/vga_dual_mode_top.v Line: 184
Info (12128): Elaborating entity "vga_ctrl_simple" for hierarchy "vga_ctrl_simple:u_vga_ctrl" File: C:/Users/31368/Desktop/God3.0/God3.0/rtl/vga_dual_mode_top.v Line: 201
Info (12128): Elaborating entity "pcm1808_i2s_rx" for hierarchy "pcm1808_i2s_rx:u_iis_rx" File: C:/Users/31368/Desktop/God3.0/God3.0/rtl/vga_dual_mode_top.v Line: 250
Info (12128): Elaborating entity "fifo_sample_reader" for hierarchy "fifo_sample_reader:u_wave_fifo" File: C:/Users/31368/Desktop/God3.0/God3.0/rtl/vga_dual_mode_top.v Line: 278
Info (12128): Elaborating entity "audio_fifo" for hierarchy "fifo_sample_reader:u_wave_fifo|audio_fifo:u_adc_fifo" File: C:/Users/31368/Desktop/God3.0/God3.0/rtl/fifo_sample_reader.v Line: 102
Info (12128): Elaborating entity "dcfifo" for hierarchy "fifo_sample_reader:u_wave_fifo|audio_fifo:u_adc_fifo|dcfifo:dcfifo_component" File: C:/Users/31368/Desktop/God3.0/God3.0/rtl/audio_fifo.v Line: 77
Info (12130): Elaborated megafunction instantiation "fifo_sample_reader:u_wave_fifo|audio_fifo:u_adc_fifo|dcfifo:dcfifo_component" File: C:/Users/31368/Desktop/God3.0/God3.0/rtl/audio_fifo.v Line: 77
Info (12133): Instantiated megafunction "fifo_sample_reader:u_wave_fifo|audio_fifo:u_adc_fifo|dcfifo:dcfifo_component" with the following parameter: File: C:/Users/31368/Desktop/God3.0/God3.0/rtl/audio_fifo.v Line: 77
    Info (12134): Parameter "intended_device_family" = "Cyclone IV E"
    Info (12134): Parameter "lpm_numwords" = "256"
    Info (12134): Parameter "lpm_showahead" = "OFF"
    Info (12134): Parameter "lpm_type" = "dcfifo"
    Info (12134): Parameter "lpm_width" = "24"
    Info (12134): Parameter "lpm_widthu" = "8"
    Info (12134): Parameter "overflow_checking" = "ON"
    Info (12134): Parameter "rdsync_delaypipe" = "4"
    Info (12134): Parameter "underflow_checking" = "ON"
    Info (12134): Parameter "use_eab" = "ON"
    Info (12134): Parameter "wrsync_delaypipe" = "4"
Info (12021): Found 1 design units, including 1 entities, in source file db/dcfifo_vlh1.tdf
    Info (12023): Found entity 1: dcfifo_vlh1 File: C:/Users/31368/Desktop/God3.0/God3.0/quartus/db/dcfifo_vlh1.tdf Line: 40
Info (12128): Elaborating entity "dcfifo_vlh1" for hierarchy "fifo_sample_reader:u_wave_fifo|audio_fifo:u_adc_fifo|dcfifo:dcfifo_component|dcfifo_vlh1:auto_generated" File: c:/intelfpga_lite/18.1/quartus/libraries/megafunctions/dcfifo.tdf Line: 190
Info (12021): Found 1 design units, including 1 entities, in source file db/a_gray2bin_ugb.tdf
    Info (12023): Found entity 1: a_gray2bin_ugb File: C:/Users/31368/Desktop/God3.0/God3.0/quartus/db/a_gray2bin_ugb.tdf Line: 22
Info (12128): Elaborating entity "a_gray2bin_ugb" for hierarchy "fifo_sample_reader:u_wave_fifo|audio_fifo:u_adc_fifo|dcfifo:dcfifo_component|dcfifo_vlh1:auto_generated|a_gray2bin_ugb:rdptr_g_gray2bin" File: C:/Users/31368/Desktop/God3.0/God3.0/quartus/db/dcfifo_vlh1.tdf Line: 55
Info (12021): Found 1 design units, including 1 entities, in source file db/a_graycounter_t57.tdf
    Info (12023): Found entity 1: a_graycounter_t57 File: C:/Users/31368/Desktop/God3.0/God3.0/quartus/db/a_graycounter_t57.tdf Line: 24
Info (12128): Elaborating entity "a_graycounter_t57" for hierarchy "fifo_sample_reader:u_wave_fifo|audio_fifo:u_adc_fifo|dcfifo:dcfifo_component|dcfifo_vlh1:auto_generated|a_graycounter_t57:rdptr_g1p" File: C:/Users/31368/Desktop/God3.0/God3.0/quartus/db/dcfifo_vlh1.tdf Line: 59
Info (12021): Found 1 design units, including 1 entities, in source file db/a_graycounter_pjc.tdf
    Info (12023): Found entity 1: a_graycounter_pjc File: C:/Users/31368/Desktop/God3.0/God3.0/quartus/db/a_graycounter_pjc.tdf Line: 24
Info (12128): Elaborating entity "a_graycounter_pjc" for hierarchy "fifo_sample_reader:u_wave_fifo|audio_fifo:u_adc_fifo|dcfifo:dcfifo_component|dcfifo_vlh1:auto_generated|a_graycounter_pjc:wrptr_g1p" File: C:/Users/31368/Desktop/God3.0/God3.0/quartus/db/dcfifo_vlh1.tdf Line: 60
Info (12021): Found 1 design units, including 1 entities, in source file db/altsyncram_kv61.tdf
    Info (12023): Found entity 1: altsyncram_kv61 File: C:/Users/31368/Desktop/God3.0/God3.0/quartus/db/altsyncram_kv61.tdf Line: 27
Info (12128): Elaborating entity "altsyncram_kv61" for hierarchy "fifo_sample_reader:u_wave_fifo|audio_fifo:u_adc_fifo|dcfifo:dcfifo_component|dcfifo_vlh1:auto_generated|altsyncram_kv61:fifo_ram" File: C:/Users/31368/Desktop/God3.0/God3.0/quartus/db/dcfifo_vlh1.tdf Line: 61
Info (12021): Found 1 design units, including 1 entities, in source file db/dffpipe_gd9.tdf
    Info (12023): Found entity 1: dffpipe_gd9 File: C:/Users/31368/Desktop/God3.0/God3.0/quartus/db/dffpipe_gd9.tdf Line: 24
Info (12128): Elaborating entity "dffpipe_gd9" for hierarchy "fifo_sample_reader:u_wave_fifo|audio_fifo:u_adc_fifo|dcfifo:dcfifo_component|dcfifo_vlh1:auto_generated|dffpipe_gd9:rs_brp" File: C:/Users/31368/Desktop/God3.0/God3.0/quartus/db/dcfifo_vlh1.tdf Line: 68
Info (12021): Found 1 design units, including 1 entities, in source file db/alt_synch_pipe_0ol.tdf
    Info (12023): Found entity 1: alt_synch_pipe_0ol File: C:/Users/31368/Desktop/God3.0/God3.0/quartus/db/alt_synch_pipe_0ol.tdf Line: 26
Info (12128): Elaborating entity "alt_synch_pipe_0ol" for hierarchy "fifo_sample_reader:u_wave_fifo|audio_fifo:u_adc_fifo|dcfifo:dcfifo_component|dcfifo_vlh1:auto_generated|alt_synch_pipe_0ol:rs_dgwp" File: C:/Users/31368/Desktop/God3.0/God3.0/quartus/db/dcfifo_vlh1.tdf Line: 70
Info (12021): Found 1 design units, including 1 entities, in source file db/dffpipe_hd9.tdf
    Info (12023): Found entity 1: dffpipe_hd9 File: C:/Users/31368/Desktop/God3.0/God3.0/quartus/db/dffpipe_hd9.tdf Line: 24
Info (12128): Elaborating entity "dffpipe_hd9" for hierarchy "fifo_sample_reader:u_wave_fifo|audio_fifo:u_adc_fifo|dcfifo:dcfifo_component|dcfifo_vlh1:auto_generated|alt_synch_pipe_0ol:rs_dgwp|dffpipe_hd9:dffpipe13" File: C:/Users/31368/Desktop/God3.0/God3.0/quartus/db/alt_synch_pipe_0ol.tdf Line: 34
Info (12021): Found 1 design units, including 1 entities, in source file db/alt_synch_pipe_1ol.tdf
    Info (12023): Found entity 1: alt_synch_pipe_1ol File: C:/Users/31368/Desktop/God3.0/God3.0/quartus/db/alt_synch_pipe_1ol.tdf Line: 26
Info (12128): Elaborating entity "alt_synch_pipe_1ol" for hierarchy "fifo_sample_reader:u_wave_fifo|audio_fifo:u_adc_fifo|dcfifo:dcfifo_component|dcfifo_vlh1:auto_generated|alt_synch_pipe_1ol:ws_dgrp" File: C:/Users/31368/Desktop/God3.0/God3.0/quartus/db/dcfifo_vlh1.tdf Line: 73
Info (12021): Found 1 design units, including 1 entities, in source file db/dffpipe_id9.tdf
    Info (12023): Found entity 1: dffpipe_id9 File: C:/Users/31368/Desktop/God3.0/God3.0/quartus/db/dffpipe_id9.tdf Line: 24
Info (12128): Elaborating entity "dffpipe_id9" for hierarchy "fifo_sample_reader:u_wave_fifo|audio_fifo:u_adc_fifo|dcfifo:dcfifo_component|dcfifo_vlh1:auto_generated|alt_synch_pipe_1ol:ws_dgrp|dffpipe_id9:dffpipe16" File: C:/Users/31368/Desktop/God3.0/God3.0/quartus/db/alt_synch_pipe_1ol.tdf Line: 34
Info (12021): Found 1 design units, including 1 entities, in source file db/cmpr_f66.tdf
    Info (12023): Found entity 1: cmpr_f66 File: C:/Users/31368/Desktop/God3.0/God3.0/quartus/db/cmpr_f66.tdf Line: 22
Info (12128): Elaborating entity "cmpr_f66" for hierarchy "fifo_sample_reader:u_wave_fifo|audio_fifo:u_adc_fifo|dcfifo:dcfifo_component|dcfifo_vlh1:auto_generated|cmpr_f66:rdempty_eq_comp" File: C:/Users/31368/Desktop/God3.0/God3.0/quartus/db/dcfifo_vlh1.tdf Line: 80
Info (12128): Elaborating entity "wave_trigger" for hierarchy "wave_trigger:u_wave_trigger" File: C:/Users/31368/Desktop/God3.0/God3.0/rtl/vga_dual_mode_top.v Line: 320
Info (12128): Elaborating entity "wave_smooth" for hierarchy "wave_smooth:u_wave_smooth" File: C:/Users/31368/Desktop/God3.0/God3.0/rtl/vga_dual_mode_top.v Line: 344
Info (12128): Elaborating entity "wave_capture" for hierarchy "wave_capture:u_wave_capture" File: C:/Users/31368/Desktop/God3.0/God3.0/rtl/vga_dual_mode_top.v Line: 381
Info (12128): Elaborating entity "wave_buffer_dp" for hierarchy "wave_buffer_dp:u_wave_buf" File: C:/Users/31368/Desktop/God3.0/God3.0/rtl/vga_dual_mode_top.v Line: 396
Info (12128): Elaborating entity "vga_waveform_precision" for hierarchy "vga_waveform_precision:u_waveform" File: C:/Users/31368/Desktop/God3.0/God3.0/rtl/vga_dual_mode_top.v Line: 419
Info (12128): Elaborating entity "defect_analyzer" for hierarchy "defect_analyzer:u_defect_analyzer" File: C:/Users/31368/Desktop/God3.0/God3.0/rtl/vga_dual_mode_top.v Line: 492
Warning (10036): Verilog HDL or VHDL warning at defect_analyzer.v(112): object "near_index" assigned a value but never read File: C:/Users/31368/Desktop/God3.0/God3.0/rtl/defect_analyzer.v Line: 112
Warning (10036): Verilog HDL or VHDL warning at defect_analyzer.v(112): object "mid_index" assigned a value but never read File: C:/Users/31368/Desktop/God3.0/God3.0/rtl/defect_analyzer.v Line: 112
Warning (10036): Verilog HDL or VHDL warning at defect_analyzer.v(112): object "ref_index" assigned a value but never read File: C:/Users/31368/Desktop/God3.0/God3.0/rtl/defect_analyzer.v Line: 112
Warning (10036): Verilog HDL or VHDL warning at defect_analyzer.v(213): object "tpl_diff" assigned a value but never read File: C:/Users/31368/Desktop/God3.0/God3.0/rtl/defect_analyzer.v Line: 213
Warning (10036): Verilog HDL or VHDL warning at defect_analyzer.v(362): object "defect_after_half" assigned a value but never read File: C:/Users/31368/Desktop/God3.0/God3.0/rtl/defect_analyzer.v Line: 362
Warning (10230): Verilog HDL assignment warning at defect_analyzer.v(532): truncated value with size 9 to match size of target (7) File: C:/Users/31368/Desktop/God3.0/God3.0/rtl/defect_analyzer.v Line: 532
Warning (10230): Verilog HDL assignment warning at defect_analyzer.v(541): truncated value with size 9 to match size of target (7) File: C:/Users/31368/Desktop/God3.0/God3.0/rtl/defect_analyzer.v Line: 541
Warning (10230): Verilog HDL assignment warning at defect_analyzer.v(569): truncated value with size 9 to match size of target (7) File: C:/Users/31368/Desktop/God3.0/God3.0/rtl/defect_analyzer.v Line: 569
Warning (10230): Verilog HDL assignment warning at defect_analyzer.v(719): truncated value with size 11 to match size of target (9) File: C:/Users/31368/Desktop/God3.0/God3.0/rtl/defect_analyzer.v Line: 719
Info (12128): Elaborating entity "defect_distance_calc" for hierarchy "defect_distance_calc:u_defect_dist" File: C:/Users/31368/Desktop/God3.0/God3.0/rtl/vga_dual_mode_top.v Line: 515
Info (12128): Elaborating entity "vga_status_overlay" for hierarchy "vga_status_overlay:u_status_overlay" File: C:/Users/31368/Desktop/God3.0/God3.0/rtl/vga_dual_mode_top.v Line: 605
Info (10264): Verilog HDL Case Statement information at vga_status_overlay.v(463): all case item expressions in this case statement are onehot File: C:/Users/31368/Desktop/God3.0/God3.0/rtl/vga_status_overlay.v Line: 463
Info (10264): Verilog HDL Case Statement information at vga_status_overlay.v(623): all case item expressions in this case statement are onehot File: C:/Users/31368/Desktop/God3.0/God3.0/rtl/vga_status_overlay.v Line: 623
Info (12128): Elaborating entity "wave_uart_export" for hierarchy "wave_uart_export:u_wave_export" File: C:/Users/31368/Desktop/God3.0/God3.0/rtl/vga_dual_mode_top.v Line: 638
Info (12128): Elaborating entity "uart_tx" for hierarchy "wave_uart_export:u_wave_export|uart_tx:u_tx" File: C:/Users/31368/Desktop/God3.0/God3.0/rtl/wave_uart_export.v Line: 103
Info (10264): Verilog HDL Case Statement information at uart_tx.v(76): all case item expressions in this case statement are onehot File: C:/Users/31368/Desktop/God3.0/God3.0/rtl/uart_tx.v Line: 76
Info (19000): Inferred 5 megafunctions from design logic
    Info (276029): Inferred altsyncram megafunction from the following design logic: "wave_buffer_dp:u_wave_buf|ram_rtl_0" 
        Info (286033): Parameter OPERATION_MODE set to DUAL_PORT
        Info (286033): Parameter WIDTH_A set to 16
        Info (286033): Parameter WIDTHAD_A set to 9
        Info (286033): Parameter NUMWORDS_A set to 512
        Info (286033): Parameter WIDTH_B set to 16
        Info (286033): Parameter WIDTHAD_B set to 9
        Info (286033): Parameter NUMWORDS_B set to 512
        Info (286033): Parameter ADDRESS_ACLR_A set to NONE
        Info (286033): Parameter OUTDATA_REG_B set to UNREGISTERED
        Info (286033): Parameter ADDRESS_ACLR_B set to NONE
        Info (286033): Parameter OUTDATA_ACLR_B set to NONE
        Info (286033): Parameter ADDRESS_REG_B set to CLOCK0
        Info (286033): Parameter INDATA_ACLR_A set to NONE
        Info (286033): Parameter WRCONTROL_ACLR_A set to NONE
        Info (286033): Parameter RAM_BLOCK_TYPE set to M9K
        Info (286033): Parameter INIT_FILE set to db/vga_oscilloscope.ram0_wave_buffer_dp_bdf15a43.hdl.mif
        Info (286033): Parameter READ_DURING_WRITE_MODE_MIXED_PORTS set to OLD_DATA
    Info (276029): Inferred altsyncram megafunction from the following design logic: "wave_uart_export:u_wave_export|shadow_ram_rtl_0" 
        Info (286033): Parameter OPERATION_MODE set to DUAL_PORT
        Info (286033): Parameter WIDTH_A set to 24
        Info (286033): Parameter WIDTHAD_A set to 9
        Info (286033): Parameter NUMWORDS_A set to 512
        Info (286033): Parameter WIDTH_B set to 24
        Info (286033): Parameter WIDTHAD_B set to 9
        Info (286033): Parameter NUMWORDS_B set to 512
        Info (286033): Parameter ADDRESS_ACLR_A set to NONE
        Info (286033): Parameter OUTDATA_REG_B set to UNREGISTERED
        Info (286033): Parameter ADDRESS_ACLR_B set to NONE
        Info (286033): Parameter OUTDATA_ACLR_B set to NONE
        Info (286033): Parameter ADDRESS_REG_B set to CLOCK0
        Info (286033): Parameter INDATA_ACLR_A set to NONE
        Info (286033): Parameter WRCONTROL_ACLR_A set to NONE
        Info (286033): Parameter RAM_BLOCK_TYPE set to M9K
        Info (286033): Parameter READ_DURING_WRITE_MODE_MIXED_PORTS set to OLD_DATA
    Info (276029): Inferred altsyncram megafunction from the following design logic: "defect_analyzer:u_defect_analyzer|diff_mem_rtl_0" 
        Info (286033): Parameter OPERATION_MODE set to DUAL_PORT
        Info (286033): Parameter WIDTH_A set to 17
        Info (286033): Parameter WIDTHAD_A set to 7
        Info (286033): Parameter NUMWORDS_A set to 128
        Info (286033): Parameter WIDTH_B set to 17
        Info (286033): Parameter WIDTHAD_B set to 7
        Info (286033): Parameter NUMWORDS_B set to 128
        Info (286033): Parameter ADDRESS_ACLR_A set to NONE
        Info (286033): Parameter OUTDATA_REG_B set to UNREGISTERED
        Info (286033): Parameter ADDRESS_ACLR_B set to NONE
        Info (286033): Parameter OUTDATA_ACLR_B set to NONE
        Info (286033): Parameter ADDRESS_REG_B set to CLOCK0
        Info (286033): Parameter INDATA_ACLR_A set to NONE
        Info (286033): Parameter WRCONTROL_ACLR_A set to NONE
        Info (286033): Parameter READ_DURING_WRITE_MODE_MIXED_PORTS set to OLD_DATA
    Info (276029): Inferred altsyncram megafunction from the following design logic: "defect_analyzer:u_defect_analyzer|sample_mem_rtl_0" 
        Info (286033): Parameter OPERATION_MODE set to DUAL_PORT
        Info (286033): Parameter WIDTH_A set to 24
        Info (286033): Parameter WIDTHAD_A set to 7
        Info (286033): Parameter NUMWORDS_A set to 128
        Info (286033): Parameter WIDTH_B set to 24
        Info (286033): Parameter WIDTHAD_B set to 7
        Info (286033): Parameter NUMWORDS_B set to 128
        Info (286033): Parameter ADDRESS_ACLR_A set to NONE
        Info (286033): Parameter OUTDATA_REG_B set to UNREGISTERED
        Info (286033): Parameter ADDRESS_ACLR_B set to NONE
        Info (286033): Parameter OUTDATA_ACLR_B set to NONE
        Info (286033): Parameter ADDRESS_REG_B set to CLOCK0
        Info (286033): Parameter INDATA_ACLR_A set to NONE
        Info (286033): Parameter WRCONTROL_ACLR_A set to NONE
        Info (286033): Parameter READ_DURING_WRITE_MODE_MIXED_PORTS set to OLD_DATA
    Info (276034): Inferred altshift_taps megafunction from the following design logic: "defect_analyzer:u_defect_analyzer|abs_hist_rtl_0"
        Info (286033): Parameter NUMBER_OF_TAPS set to 1
        Info (286033): Parameter TAP_DISTANCE set to 4
        Info (286033): Parameter WIDTH set to 23
Info (12130): Elaborated megafunction instantiation "wave_buffer_dp:u_wave_buf|altsyncram:ram_rtl_0"
Info (12133): Instantiated megafunction "wave_buffer_dp:u_wave_buf|altsyncram:ram_rtl_0" with the following parameter:
    Info (12134): Parameter "OPERATION_MODE" = "DUAL_PORT"
    Info (12134): Parameter "WIDTH_A" = "16"
    Info (12134): Parameter "WIDTHAD_A" = "9"
    Info (12134): Parameter "NUMWORDS_A" = "512"
    Info (12134): Parameter "WIDTH_B" = "16"
    Info (12134): Parameter "WIDTHAD_B" = "9"
    Info (12134): Parameter "NUMWORDS_B" = "512"
    Info (12134): Parameter "ADDRESS_ACLR_A" = "NONE"
    Info (12134): Parameter "OUTDATA_REG_B" = "UNREGISTERED"
    Info (12134): Parameter "ADDRESS_ACLR_B" = "NONE"
    Info (12134): Parameter "OUTDATA_ACLR_B" = "NONE"
    Info (12134): Parameter "ADDRESS_REG_B" = "CLOCK0"
    Info (12134): Parameter "INDATA_ACLR_A" = "NONE"
    Info (12134): Parameter "WRCONTROL_ACLR_A" = "NONE"
    Info (12134): Parameter "RAM_BLOCK_TYPE" = "M9K"
    Info (12134): Parameter "INIT_FILE" = "db/vga_oscilloscope.ram0_wave_buffer_dp_bdf15a43.hdl.mif"
    Info (12134): Parameter "READ_DURING_WRITE_MODE_MIXED_PORTS" = "OLD_DATA"
Info (12021): Found 1 design units, including 1 entities, in source file db/altsyncram_n5p1.tdf
    Info (12023): Found entity 1: altsyncram_n5p1 File: C:/Users/31368/Desktop/God3.0/God3.0/quartus/db/altsyncram_n5p1.tdf Line: 27
Info (12130): Elaborated megafunction instantiation "wave_uart_export:u_wave_export|altsyncram:shadow_ram_rtl_0"
Info (12133): Instantiated megafunction "wave_uart_export:u_wave_export|altsyncram:shadow_ram_rtl_0" with the following parameter:
    Info (12134): Parameter "OPERATION_MODE" = "DUAL_PORT"
    Info (12134): Parameter "WIDTH_A" = "24"
    Info (12134): Parameter "WIDTHAD_A" = "9"
    Info (12134): Parameter "NUMWORDS_A" = "512"
    Info (12134): Parameter "WIDTH_B" = "24"
    Info (12134): Parameter "WIDTHAD_B" = "9"
    Info (12134): Parameter "NUMWORDS_B" = "512"
    Info (12134): Parameter "ADDRESS_ACLR_A" = "NONE"
    Info (12134): Parameter "OUTDATA_REG_B" = "UNREGISTERED"
    Info (12134): Parameter "ADDRESS_ACLR_B" = "NONE"
    Info (12134): Parameter "OUTDATA_ACLR_B" = "NONE"
    Info (12134): Parameter "ADDRESS_REG_B" = "CLOCK0"
    Info (12134): Parameter "INDATA_ACLR_A" = "NONE"
    Info (12134): Parameter "WRCONTROL_ACLR_A" = "NONE"
    Info (12134): Parameter "RAM_BLOCK_TYPE" = "M9K"
    Info (12134): Parameter "READ_DURING_WRITE_MODE_MIXED_PORTS" = "OLD_DATA"
Info (12021): Found 1 design units, including 1 entities, in source file db/altsyncram_rri1.tdf
    Info (12023): Found entity 1: altsyncram_rri1 File: C:/Users/31368/Desktop/God3.0/God3.0/quartus/db/altsyncram_rri1.tdf Line: 27
Info (12130): Elaborated megafunction instantiation "defect_analyzer:u_defect_analyzer|altsyncram:diff_mem_rtl_0"
Info (12133): Instantiated megafunction "defect_analyzer:u_defect_analyzer|altsyncram:diff_mem_rtl_0" with the following parameter:
    Info (12134): Parameter "OPERATION_MODE" = "DUAL_PORT"
    Info (12134): Parameter "WIDTH_A" = "17"
    Info (12134): Parameter "WIDTHAD_A" = "7"
    Info (12134): Parameter "NUMWORDS_A" = "128"
    Info (12134): Parameter "WIDTH_B" = "17"
    Info (12134): Parameter "WIDTHAD_B" = "7"
    Info (12134): Parameter "NUMWORDS_B" = "128"
    Info (12134): Parameter "ADDRESS_ACLR_A" = "NONE"
    Info (12134): Parameter "OUTDATA_REG_B" = "UNREGISTERED"
    Info (12134): Parameter "ADDRESS_ACLR_B" = "NONE"
    Info (12134): Parameter "OUTDATA_ACLR_B" = "NONE"
    Info (12134): Parameter "ADDRESS_REG_B" = "CLOCK0"
    Info (12134): Parameter "INDATA_ACLR_A" = "NONE"
    Info (12134): Parameter "WRCONTROL_ACLR_A" = "NONE"
    Info (12134): Parameter "READ_DURING_WRITE_MODE_MIXED_PORTS" = "OLD_DATA"
Info (12021): Found 1 design units, including 1 entities, in source file db/altsyncram_40h1.tdf
    Info (12023): Found entity 1: altsyncram_40h1 File: C:/Users/31368/Desktop/God3.0/God3.0/quartus/db/altsyncram_40h1.tdf Line: 27
Info (12130): Elaborated megafunction instantiation "defect_analyzer:u_defect_analyzer|altsyncram:sample_mem_rtl_0"
Info (12133): Instantiated megafunction "defect_analyzer:u_defect_analyzer|altsyncram:sample_mem_rtl_0" with the following parameter:
    Info (12134): Parameter "OPERATION_MODE" = "DUAL_PORT"
    Info (12134): Parameter "WIDTH_A" = "24"
    Info (12134): Parameter "WIDTHAD_A" = "7"
    Info (12134): Parameter "NUMWORDS_A" = "128"
    Info (12134): Parameter "WIDTH_B" = "24"
    Info (12134): Parameter "WIDTHAD_B" = "7"
    Info (12134): Parameter "NUMWORDS_B" = "128"
    Info (12134): Parameter "ADDRESS_ACLR_A" = "NONE"
    Info (12134): Parameter "OUTDATA_REG_B" = "UNREGISTERED"
    Info (12134): Parameter "ADDRESS_ACLR_B" = "NONE"
    Info (12134): Parameter "OUTDATA_ACLR_B" = "NONE"
    Info (12134): Parameter "ADDRESS_REG_B" = "CLOCK0"
    Info (12134): Parameter "INDATA_ACLR_A" = "NONE"
    Info (12134): Parameter "WRCONTROL_ACLR_A" = "NONE"
    Info (12134): Parameter "READ_DURING_WRITE_MODE_MIXED_PORTS" = "OLD_DATA"
Info (12021): Found 1 design units, including 1 entities, in source file db/altsyncram_00h1.tdf
    Info (12023): Found entity 1: altsyncram_00h1 File: C:/Users/31368/Desktop/God3.0/God3.0/quartus/db/altsyncram_00h1.tdf Line: 27
Info (12130): Elaborated megafunction instantiation "defect_analyzer:u_defect_analyzer|altshift_taps:abs_hist_rtl_0"
Info (12133): Instantiated megafunction "defect_analyzer:u_defect_analyzer|altshift_taps:abs_hist_rtl_0" with the following parameter:
    Info (12134): Parameter "NUMBER_OF_TAPS" = "1"
    Info (12134): Parameter "TAP_DISTANCE" = "4"
    Info (12134): Parameter "WIDTH" = "23"
Info (12021): Found 1 design units, including 1 entities, in source file db/shift_taps_q5n.tdf
    Info (12023): Found entity 1: shift_taps_q5n File: C:/Users/31368/Desktop/God3.0/God3.0/quartus/db/shift_taps_q5n.tdf Line: 28
Info (12021): Found 1 design units, including 1 entities, in source file db/altsyncram_o1b1.tdf
    Info (12023): Found entity 1: altsyncram_o1b1 File: C:/Users/31368/Desktop/God3.0/God3.0/quartus/db/altsyncram_o1b1.tdf Line: 27
Info (12021): Found 1 design units, including 1 entities, in source file db/cntr_4pf.tdf
    Info (12023): Found entity 1: cntr_4pf File: C:/Users/31368/Desktop/God3.0/God3.0/quartus/db/cntr_4pf.tdf Line: 25
Info (12021): Found 1 design units, including 1 entities, in source file db/cntr_r8h.tdf
    Info (12023): Found entity 1: cntr_r8h File: C:/Users/31368/Desktop/God3.0/God3.0/quartus/db/cntr_r8h.tdf Line: 25
Info (13000): Registers with preset signals will power-up high File: C:/Users/31368/Desktop/God3.0/God3.0/quartus/db/a_graycounter_pjc.tdf Line: 32
Info (13003): DEV_CLRn pin will set, and not reset, register with preset signal due to NOT Gate Push-Back
Info (286030): Timing-Driven Synthesis is running
Info (17049): 12 registers lost all their fanouts during netlist optimizations.
Info (16010): Generating hard_block partition "hard_block:auto_generated_inst"
    Info (16011): Adding 1 node(s), including 0 DDIO, 1 PLL, 0 transceiver and 0 LCELL
Warning (15899): PLL "clk_gen:u_clk_gen|altpll:altpll_component|clk_gen_altpll:auto_generated|pll1" has parameters clk3_multiply_by and clk3_divide_by specified but port CLK[3] is not connected File: C:/Users/31368/Desktop/God3.0/God3.0/quartus/db/clk_gen_altpll.v Line: 50
Warning (21074): Design contains 2 input pin(s) that do not drive logic
    Warning (15610): No output dependent on input pin "btn_55" File: C:/Users/31368/Desktop/God3.0/God3.0/rtl/vga_dual_mode_top.v Line: 28
    Warning (15610): No output dependent on input pin "uart_rxd" File: C:/Users/31368/Desktop/God3.0/God3.0/rtl/vga_dual_mode_top.v Line: 47
Info (21057): Implemented 6370 device resources after synthesis - the final resource count might be different
    Info (21058): Implemented 9 input pins
    Info (21059): Implemented 19 output pins
    Info (21061): Implemented 6213 logic cells
    Info (21064): Implemented 128 RAM segments
    Info (21065): Implemented 1 PLLs
Info: Quartus Prime Analysis & Synthesis was successful. 0 errors, 15 warnings
    Info: Peak virtual memory: 4951 megabytes
    Info: Processing ended: Thu Jul 30 01:44:47 2026
    Info: Elapsed time: 00:00:17
    Info: Total CPU time (on all processors): 00:00:24
Info: *******************************************************************
Info: Running Quartus Prime Fitter
    Info: Version 18.1.0 Build 625 09/12/2018 SJ Lite Edition
    Info: Processing started: Thu Jul 30 01:44:48 2026
Info: Command: quartus_fit --read_settings_files=off --write_settings_files=off vga_oscilloscope -c vga_oscilloscope
Info: qfit2_default_script.tcl version: #1
Info: Project  = vga_oscilloscope
Info: Revision = vga_oscilloscope
Warning (18236): Number of processors has not been specified which may cause overloading on shared machines.  Set the global assignment NUM_PARALLEL_PROCESSORS in your QSF to an appropriate value for best performance.
Info (20030): Parallel compilation is enabled and will use 16 of the 24 processors detected
Info (119006): Selected device EP4CE6E22C8 for design "vga_oscilloscope"
Info (21077): Low junction temperature is 0 degrees C
Info (21077): High junction temperature is 85 degrees C
Info (15535): Implemented PLL "clk_gen:u_clk_gen|altpll:altpll_component|clk_gen_altpll:auto_generated|pll1" as Cyclone IV E PLL type File: C:/Users/31368/Desktop/God3.0/God3.0/quartus/db/clk_gen_altpll.v Line: 50
    Info (15099): Implementing clock multiplication of 4, clock division of 5, and phase shift of 0 degrees (0 ps) for clk_gen:u_clk_gen|altpll:altpll_component|clk_gen_altpll:auto_generated|wire_pll1_clk[0] port File: C:/Users/31368/Desktop/God3.0/God3.0/quartus/db/clk_gen_altpll.v Line: 50
    Info (15099): Implementing clock multiplication of 27, clock division of 55, and phase shift of 0 degrees (0 ps) for clk_gen:u_clk_gen|altpll:altpll_component|clk_gen_altpll:auto_generated|wire_pll1_clk[1] port File: C:/Users/31368/Desktop/God3.0/God3.0/quartus/db/clk_gen_altpll.v Line: 50
    Info (15099): Implementing clock multiplication of 27, clock division of 220, and phase shift of 0 degrees (0 ps) for clk_gen:u_clk_gen|altpll:altpll_component|clk_gen_altpll:auto_generated|wire_pll1_clk[2] port File: C:/Users/31368/Desktop/God3.0/God3.0/quartus/db/clk_gen_altpll.v Line: 50
Info (171003): Fitter is performing an Auto Fit compilation, which may decrease Fitter effort to reduce compilation time
Warning (292013): Feature LogicLock is only available with a valid subscription license. You can purchase a software subscription to gain full access to this feature.
Info (176444): Device migration not selected. If you intend to use device migration later, you may need to change the pin assignments as they may be incompatible with other devices
    Info (176445): Device EP4CE10E22C8 is compatible
    Info (176445): Device EP4CE15E22C8 is compatible
    Info (176445): Device EP4CE22E22C8 is compatible
Info (169124): Fitter converted 4 user pins into dedicated programming pins
    Info (169125): Pin ~ALTERA_ASDO_DATA1~ is reserved at location 6
    Info (169125): Pin ~ALTERA_FLASH_nCE_nCSO~ is reserved at location 8
    Info (169125): Pin ~ALTERA_DCLK~ is reserved at location 12
    Info (169125): Pin ~ALTERA_DATA0~ is reserved at location 13
Warning (15714): Some pins have incomplete I/O assignments. Refer to the I/O Assignment Warnings report for details
Info (176045): Design uses memory blocks. Violating setup or hold times of memory block address registers for either read or write operations could cause memory contents to be corrupted. Make sure that all memory block address registers meet the setup and hold time requirements.
Info (332164): Evaluating HDL-embedded SDC commands
    Info (332165): Entity dcfifo_vlh1
        Info (332166): set_false_path -from *rdptr_g* -to *ws_dgrp|dffpipe_id9:dffpipe16|dffe17a* 
        Info (332166): set_false_path -from *delayed_wrptr_g* -to *rs_dgwp|dffpipe_hd9:dffpipe13|dffe14a* 
Info (332104): Reading SDC File: 'vga_oscilloscope.sdc'
Info (332110): Deriving PLL clocks
    Info (332110): create_generated_clock -source {u_clk_gen|altpll_component|auto_generated|pll1|inclk[0]} -divide_by 5 -multiply_by 4 -duty_cycle 50.00 -name {u_clk_gen|altpll_component|auto_generated|pll1|clk[0]} {u_clk_gen|altpll_component|auto_generated|pll1|clk[0]}
    Info (332110): create_generated_clock -source {u_clk_gen|altpll_component|auto_generated|pll1|inclk[0]} -divide_by 55 -multiply_by 27 -duty_cycle 50.00 -name {u_clk_gen|altpll_component|auto_generated|pll1|clk[1]} {u_clk_gen|altpll_component|auto_generated|pll1|clk[1]}
    Info (332110): create_generated_clock -source {u_clk_gen|altpll_component|auto_generated|pll1|inclk[0]} -divide_by 220 -multiply_by 27 -duty_cycle 50.00 -name {u_clk_gen|altpll_component|auto_generated|pll1|clk[2]} {u_clk_gen|altpll_component|auto_generated|pll1|clk[2]}
Info (332151): Clock uncertainty is not calculated until you update the timing netlist.
Info (332123): Deriving Clock Uncertainty. Please refer to report_sdc in the Timing Analyzer to see clock uncertainties.
Info (332129): Detected timing requirements -- optimizing circuit to achieve only the specified requirements
Info (332111): Found 5 clocks
    Info (332111):   Period   Clock Name
    Info (332111): ======== ============
    Info (332111):  162.962      bck_out
    Info (332111):   20.000      sys_clk
    Info (332111):   25.000 u_clk_gen|altpll_component|auto_generated|pll1|clk[0]
    Info (332111):   40.740 u_clk_gen|altpll_component|auto_generated|pll1|clk[1]
    Info (332111):  162.962 u_clk_gen|altpll_component|auto_generated|pll1|clk[2]
Info (176353): Automatically promoted node clk_gen:u_clk_gen|altpll:altpll_component|clk_gen_altpll:auto_generated|wire_pll1_clk[0] (placed in counter C2 of PLL_1) File: C:/Users/31368/Desktop/God3.0/God3.0/quartus/db/clk_gen_altpll.v Line: 92
    Info (176355): Automatically promoted destinations to use location or clock signal Global Clock CLKCTRL_G2
Info (176353): Automatically promoted node clk_gen:u_clk_gen|altpll:altpll_component|clk_gen_altpll:auto_generated|wire_pll1_clk[1] (placed in counter C1 of PLL_1) File: C:/Users/31368/Desktop/God3.0/God3.0/quartus/db/clk_gen_altpll.v Line: 92
    Info (176355): Automatically promoted destinations to use location or clock signal Global Clock CLKCTRL_G4
Info (176353): Automatically promoted node clk_gen:u_clk_gen|altpll:altpll_component|clk_gen_altpll:auto_generated|wire_pll1_clk[2] (placed in counter C0 of PLL_1) File: C:/Users/31368/Desktop/God3.0/God3.0/quartus/db/clk_gen_altpll.v Line: 92
    Info (176355): Automatically promoted destinations to use location or clock signal Global Clock CLKCTRL_G3
    Info (176355): Automatically promoted destinations to use location or clock signal External Clock Output CLKCTRL_PLL1E0
Info (176353): Automatically promoted node sys_rst_n~input (placed in PIN 25 (CLK3, DIFFCLK_1n)) File: C:/Users/31368/Desktop/God3.0/God3.0/rtl/vga_dual_mode_top.v Line: 23
    Info (176355): Automatically promoted destinations to use location or clock signal Global Clock CLKCTRL_G0
Info (176353): Automatically promoted node rst_sync[2]  File: C:/Users/31368/Desktop/God3.0/God3.0/rtl/vga_dual_mode_top.v Line: 82
    Info (176355): Automatically promoted destinations to use location or clock signal Global Clock
    Info (176356): Following destination nodes may be non-global or may not use global or regional clocks
        Info (176357): Destination node buzzer_beep:u_buzzer_beep|stable File: C:/Users/31368/Desktop/God3.0/God3.0/rtl/buzzer_beep.v Line: 20
        Info (176357): Destination node fifo_sample_reader:u_wave_fifo|fifo_aclr File: C:/Users/31368/Desktop/God3.0/God3.0/rtl/fifo_sample_reader.v Line: 57
        Info (176357): Destination node buzzer_beep:u_buzzer_beep|buzzer~0 File: C:/Users/31368/Desktop/God3.0/God3.0/rtl/buzzer_beep.v Line: 13
        Info (176357): Destination node buzzer_beep:u_buzzer_beep|sync~0 File: C:/Users/31368/Desktop/God3.0/God3.0/rtl/buzzer_beep.v Line: 18
        Info (176357): Destination node buzzer_beep:u_buzzer_beep|sync~1 File: C:/Users/31368/Desktop/God3.0/God3.0/rtl/buzzer_beep.v Line: 18
        Info (176357): Destination node defect_analyzer:u_defect_analyzer|Decoder0~0 File: C:/Users/31368/Desktop/God3.0/God3.0/rtl/defect_analyzer.v Line: 510
Info (176353): Automatically promoted node fifo_sample_reader:u_wave_fifo|fifo_aclr  File: C:/Users/31368/Desktop/God3.0/God3.0/rtl/fifo_sample_reader.v Line: 57
    Info (176355): Automatically promoted destinations to use location or clock signal Global Clock
Info (176233): Starting register packing
Info (176235): Finished register packing
    Extra Info (176219): No registers were packed into other blocks
Warning (15064): PLL "clk_gen:u_clk_gen|altpll:altpll_component|clk_gen_altpll:auto_generated|pll1" output port clk[1] feeds output pin "adc_mclk~output" via non-dedicated routing -- jitter performance depends on switching rate of other design elements. Use PLL dedicated clock outputs to ensure jitter performance File: C:/Users/31368/Desktop/God3.0/God3.0/quartus/db/clk_gen_altpll.v Line: 50
Info (171121): Fitter preparation operations ending: elapsed time is 00:00:02
Info (14896): Fitter has disabled Advanced Physical Optimization because it is not supported for the current family.
Info (170189): Fitter placement preparation operations beginning
Info (170190): Fitter placement preparation operations ending: elapsed time is 00:00:01
Info (170191): Fitter placement operations beginning
Info (170137): Fitter placement was successful
Info (170192): Fitter placement operations ending: elapsed time is 00:00:04
Info (170193): Fitter routing operations beginning
Info (170195): Router estimated average interconnect usage is 13% of the available device resources
    Info (170196): Router estimated peak interconnect usage is 18% of the available device resources in the region that extends from location X23_Y12 to location X34_Y24
Info (170199): The Fitter performed an Auto Fit compilation.  Optimizations were skipped to reduce compilation time.
    Info (170201): Optimizations that may affect the design's routability were skipped
    Info (170200): Optimizations that may affect the design's timing were skipped
Info (170194): Fitter routing operations ending: elapsed time is 00:00:01
Info (11888): Total time spent on timing analysis during the Fitter is 1.49 seconds.
Info (334003): Started post-fitting delay annotation
Info (334004): Delay annotation completed successfully
Info (334003): Started post-fitting delay annotation
Info (334004): Delay annotation completed successfully
Info (11218): Fitter post-fit operations ending: elapsed time is 00:00:02
Warning (169177): 9 pins must meet Intel FPGA requirements for 3.3-, 3.0-, and 2.5-V interfaces. For more information, refer to AN 447: Interfacing Cyclone IV E Devices with 3.3/3.0/2.5-V LVTTL/LVCMOS I/O Systems.
    Info (169178): Pin btn_55 uses I/O standard 3.3-V LVTTL at 55 File: C:/Users/31368/Desktop/God3.0/God3.0/rtl/vga_dual_mode_top.v Line: 28
    Info (169178): Pin uart_rxd uses I/O standard 3.3-V LVTTL at 143 File: C:/Users/31368/Desktop/God3.0/God3.0/rtl/vga_dual_mode_top.v Line: 47
    Info (169178): Pin sys_rst_n uses I/O standard 3.3-V LVTTL at 25 File: C:/Users/31368/Desktop/God3.0/God3.0/rtl/vga_dual_mode_top.v Line: 23
    Info (169178): Pin sys_clk uses I/O standard 3.3-V LVTTL at 23 File: C:/Users/31368/Desktop/God3.0/God3.0/rtl/vga_dual_mode_top.v Line: 22
    Info (169178): Pin adc_data uses I/O standard 3.3-V LVTTL at 46 File: C:/Users/31368/Desktop/God3.0/God3.0/rtl/vga_dual_mode_top.v Line: 39
    Info (169178): Pin freeze_btn uses I/O standard 3.3-V LVTTL at 52 File: C:/Users/31368/Desktop/God3.0/God3.0/rtl/vga_dual_mode_top.v Line: 26
    Info (169178): Pin test_btn uses I/O standard 3.3-V LVTTL at 54 File: C:/Users/31368/Desktop/God3.0/God3.0/rtl/vga_dual_mode_top.v Line: 27
    Info (169178): Pin btn_58 uses I/O standard 3.3-V LVTTL at 58 File: C:/Users/31368/Desktop/God3.0/God3.0/rtl/vga_dual_mode_top.v Line: 29
    Info (169178): Pin btn_59 uses I/O standard 3.3-V LVTTL at 59 File: C:/Users/31368/Desktop/God3.0/God3.0/rtl/vga_dual_mode_top.v Line: 30
Info (144001): Generated suppressed messages file C:/Users/31368/Desktop/God3.0/God3.0/quartus/output_files/vga_oscilloscope.fit.smsg
Info: Quartus Prime Fitter was successful. 0 errors, 5 warnings
    Info: Peak virtual memory: 6596 megabytes
    Info: Processing ended: Thu Jul 30 01:45:00 2026
    Info: Elapsed time: 00:00:12
    Info: Total CPU time (on all processors): 00:00:29
Info: *******************************************************************
Info: Running Quartus Prime Assembler
    Info: Version 18.1.0 Build 625 09/12/2018 SJ Lite Edition
    Info: Processing started: Thu Jul 30 01:45:01 2026
Info: Command: quartus_asm --read_settings_files=off --write_settings_files=off vga_oscilloscope -c vga_oscilloscope
Warning (18236): Number of processors has not been specified which may cause overloading on shared machines.  Set the global assignment NUM_PARALLEL_PROCESSORS in your QSF to an appropriate value for best performance.
Info (115031): Writing out detailed assembly data for power analysis
Info (115030): Assembler is generating device programming files
Info: Quartus Prime Assembler was successful. 0 errors, 1 warning
    Info: Peak virtual memory: 4692 megabytes
    Info: Processing ended: Thu Jul 30 01:45:01 2026
    Info: Elapsed time: 00:00:00
    Info: Total CPU time (on all processors): 00:00:01
Info (293026): Skipped module Power Analyzer due to the assignment FLOW_ENABLE_POWER_ANALYZER
Info: *******************************************************************
Info: Running Quartus Prime Timing Analyzer
    Info: Version 18.1.0 Build 625 09/12/2018 SJ Lite Edition
    Info: Processing started: Thu Jul 30 01:45:02 2026
Info: Command: quartus_sta vga_oscilloscope -c vga_oscilloscope
Info: qsta_default_script.tcl version: #1
Warning (18236): Number of processors has not been specified which may cause overloading on shared machines.  Set the global assignment NUM_PARALLEL_PROCESSORS in your QSF to an appropriate value for best performance.
Info (20030): Parallel compilation is enabled and will use 16 of the 24 processors detected
Info (21077): Low junction temperature is 0 degrees C
Info (21077): High junction temperature is 85 degrees C
Info (332164): Evaluating HDL-embedded SDC commands
    Info (332165): Entity dcfifo_vlh1
        Info (332166): set_false_path -from *rdptr_g* -to *ws_dgrp|dffpipe_id9:dffpipe16|dffe17a* 
        Info (332166): set_false_path -from *delayed_wrptr_g* -to *rs_dgwp|dffpipe_hd9:dffpipe13|dffe14a* 
Info (332104): Reading SDC File: 'vga_oscilloscope.sdc'
Info (332110): Deriving PLL clocks
    Info (332110): create_generated_clock -source {u_clk_gen|altpll_component|auto_generated|pll1|inclk[0]} -divide_by 5 -multiply_by 4 -duty_cycle 50.00 -name {u_clk_gen|altpll_component|auto_generated|pll1|clk[0]} {u_clk_gen|altpll_component|auto_generated|pll1|clk[0]}
    Info (332110): create_generated_clock -source {u_clk_gen|altpll_component|auto_generated|pll1|inclk[0]} -divide_by 55 -multiply_by 27 -duty_cycle 50.00 -name {u_clk_gen|altpll_component|auto_generated|pll1|clk[1]} {u_clk_gen|altpll_component|auto_generated|pll1|clk[1]}
    Info (332110): create_generated_clock -source {u_clk_gen|altpll_component|auto_generated|pll1|inclk[0]} -divide_by 220 -multiply_by 27 -duty_cycle 50.00 -name {u_clk_gen|altpll_component|auto_generated|pll1|clk[2]} {u_clk_gen|altpll_component|auto_generated|pll1|clk[2]}
Info (332151): Clock uncertainty is not calculated until you update the timing netlist.
Info (332123): Deriving Clock Uncertainty. Please refer to report_sdc in the Timing Analyzer to see clock uncertainties.
Info: Found TIMING_ANALYZER_REPORT_SCRIPT_INCLUDE_DEFAULT_ANALYSIS = ON
Info: Analyzing Slow 1200mV 85C Model
Info (332146): Worst-case setup slack is 2.943
    Info (332119):     Slack       End Point TNS Clock 
    Info (332119): ========= =================== =====================
    Info (332119):     2.943               0.000 u_clk_gen|altpll_component|auto_generated|pll1|clk[0] 
    Info (332119):    27.539               0.000 bck_out 
    Info (332119):    33.362               0.000 u_clk_gen|altpll_component|auto_generated|pll1|clk[2] 
Info (332146): Worst-case hold slack is 0.417
    Info (332119):     Slack       End Point TNS Clock 
    Info (332119): ========= =================== =====================
    Info (332119):     0.417               0.000 u_clk_gen|altpll_component|auto_generated|pll1|clk[0] 
    Info (332119):     0.438               0.000 u_clk_gen|altpll_component|auto_generated|pll1|clk[2] 
    Info (332119):    74.482               0.000 bck_out 
Info (332146): Worst-case recovery slack is 18.938
    Info (332119):     Slack       End Point TNS Clock 
    Info (332119): ========= =================== =====================
    Info (332119):    18.938               0.000 u_clk_gen|altpll_component|auto_generated|pll1|clk[0] 
    Info (332119):    79.753               0.000 u_clk_gen|altpll_component|auto_generated|pll1|clk[2] 
Info (332146): Worst-case removal slack is 1.395
    Info (332119):     Slack       End Point TNS Clock 
    Info (332119): ========= =================== =====================
    Info (332119):     1.395               0.000 u_clk_gen|altpll_component|auto_generated|pll1|clk[2] 
    Info (332119):     2.058               0.000 u_clk_gen|altpll_component|auto_generated|pll1|clk[0] 
Info (332146): Worst-case minimum pulse width slack is 9.858
    Info (332119):     Slack       End Point TNS Clock 
    Info (332119): ========= =================== =====================
    Info (332119):     9.858               0.000 sys_clk 
    Info (332119):    12.220               0.000 u_clk_gen|altpll_component|auto_generated|pll1|clk[0] 
    Info (332119):    81.196               0.000 u_clk_gen|altpll_component|auto_generated|pll1|clk[2] 
    Info (332119):   158.481               0.000 bck_out 
Info (332114): Report Metastability: Found 25 synchronizer chains.
    Info (332114): Typical MTBF of Design is 1e+09 years or 3.15e+16 seconds.

    Info (332114): Number of Synchronizer Chains Found: 25
    Info (332114): Shortest Synchronizer Chain: 2 Registers
    Info (332114): Fraction of Chains for which MTBFs Could Not be Calculated: 0.280
    Info (332114): Worst Case Available Settling Time: 43.950 ns
    Info (332114): Typical MTBF values are calculated based on the nominal silicon characteristics, at nominal operating conditions.
    Info (332114):   - Under typical conditions, an increase of 100ps in available settling time will increase MTBF values by a factor of 10.8
Info: Analyzing Slow 1200mV 0C Model
Info (334003): Started post-fitting delay annotation
Info (334004): Delay annotation completed successfully
Info (332123): Deriving Clock Uncertainty. Please refer to report_sdc in the Timing Analyzer to see clock uncertainties.
Info (332146): Worst-case setup slack is 4.531
    Info (332119):     Slack       End Point TNS Clock 
    Info (332119): ========= =================== =====================
    Info (332119):     4.531               0.000 u_clk_gen|altpll_component|auto_generated|pll1|clk[0] 
    Info (332119):    27.826               0.000 bck_out 
    Info (332119):    33.073               0.000 u_clk_gen|altpll_component|auto_generated|pll1|clk[2] 
Info (332146): Worst-case hold slack is 0.396
    Info (332119):     Slack       End Point TNS Clock 
    Info (332119): ========= =================== =====================
    Info (332119):     0.396               0.000 u_clk_gen|altpll_component|auto_generated|pll1|clk[0] 
    Info (332119):     0.401               0.000 u_clk_gen|altpll_component|auto_generated|pll1|clk[2] 
    Info (332119):    74.134               0.000 bck_out 
Info (332146): Worst-case recovery slack is 19.426
    Info (332119):     Slack       End Point TNS Clock 
    Info (332119): ========= =================== =====================
    Info (332119):    19.426               0.000 u_clk_gen|altpll_component|auto_generated|pll1|clk[0] 
    Info (332119):    79.915               0.000 u_clk_gen|altpll_component|auto_generated|pll1|clk[2] 
Info (332146): Worst-case removal slack is 1.248
    Info (332119):     Slack       End Point TNS Clock 
    Info (332119): ========= =================== =====================
    Info (332119):     1.248               0.000 u_clk_gen|altpll_component|auto_generated|pll1|clk[2] 
    Info (332119):     1.858               0.000 u_clk_gen|altpll_component|auto_generated|pll1|clk[0] 
Info (332146): Worst-case minimum pulse width slack is 9.855
    Info (332119):     Slack       End Point TNS Clock 
    Info (332119): ========= =================== =====================
    Info (332119):     9.855               0.000 sys_clk 
    Info (332119):    12.217               0.000 u_clk_gen|altpll_component|auto_generated|pll1|clk[0] 
    Info (332119):    81.196               0.000 u_clk_gen|altpll_component|auto_generated|pll1|clk[2] 
    Info (332119):   158.481               0.000 bck_out 
Info (332114): Report Metastability: Found 25 synchronizer chains.
    Info (332114): Typical MTBF of Design is 1e+09 years or 3.15e+16 seconds.

    Info (332114): Number of Synchronizer Chains Found: 25
    Info (332114): Shortest Synchronizer Chain: 2 Registers
    Info (332114): Fraction of Chains for which MTBFs Could Not be Calculated: 0.280
    Info (332114): Worst Case Available Settling Time: 44.276 ns
    Info (332114): Typical MTBF values are calculated based on the nominal silicon characteristics, at nominal operating conditions.
    Info (332114):   - Under typical conditions, an increase of 100ps in available settling time will increase MTBF values by a factor of 10.8
Info: Analyzing Fast 1200mV 0C Model
Info (332123): Deriving Clock Uncertainty. Please refer to report_sdc in the Timing Analyzer to see clock uncertainties.
Info (332146): Worst-case setup slack is 15.742
    Info (332119):     Slack       End Point TNS Clock 
    Info (332119): ========= =================== =====================
    Info (332119):    15.742               0.000 u_clk_gen|altpll_component|auto_generated|pll1|clk[0] 
    Info (332119):    29.587               0.000 bck_out 
    Info (332119):    33.010               0.000 u_clk_gen|altpll_component|auto_generated|pll1|clk[2] 
Info (332146): Worst-case hold slack is 0.142
    Info (332119):     Slack       End Point TNS Clock 
    Info (332119): ========= =================== =====================
    Info (332119):     0.142               0.000 u_clk_gen|altpll_component|auto_generated|pll1|clk[0] 
    Info (332119):     0.149               0.000 u_clk_gen|altpll_component|auto_generated|pll1|clk[2] 
    Info (332119):    72.856               0.000 bck_out 
Info (332146): Worst-case recovery slack is 22.237
    Info (332119):     Slack       End Point TNS Clock 
    Info (332119): ========= =================== =====================
    Info (332119):    22.237               0.000 u_clk_gen|altpll_component|auto_generated|pll1|clk[0] 
    Info (332119):    80.743               0.000 u_clk_gen|altpll_component|auto_generated|pll1|clk[2] 
Info (332146): Worst-case removal slack is 0.575
    Info (332119):     Slack       End Point TNS Clock 
    Info (332119): ========= =================== =====================
    Info (332119):     0.575               0.000 u_clk_gen|altpll_component|auto_generated|pll1|clk[2] 
    Info (332119):     0.892               0.000 u_clk_gen|altpll_component|auto_generated|pll1|clk[0] 
Info (332146): Worst-case minimum pulse width slack is 9.423
    Info (332119):     Slack       End Point TNS Clock 
    Info (332119): ========= =================== =====================
    Info (332119):     9.423               0.000 sys_clk 
    Info (332119):    12.233               0.000 u_clk_gen|altpll_component|auto_generated|pll1|clk[0] 
    Info (332119):    81.215               0.000 u_clk_gen|altpll_component|auto_generated|pll1|clk[2] 
    Info (332119):   158.962               0.000 bck_out 
Info (332114): Report Metastability: Found 25 synchronizer chains.
    Info (332114): Typical MTBF of Design is 1e+09 years or 3.15e+16 seconds.

    Info (332114): Number of Synchronizer Chains Found: 25
    Info (332114): Shortest Synchronizer Chain: 2 Registers
    Info (332114): Fraction of Chains for which MTBFs Could Not be Calculated: 0.280
    Info (332114): Worst Case Available Settling Time: 47.356 ns
    Info (332114): Typical MTBF values are calculated based on the nominal silicon characteristics, at nominal operating conditions.
    Info (332114):   - Under typical conditions, an increase of 100ps in available settling time will increase MTBF values by a factor of 10.8
Info (332101): Design is fully constrained for setup requirements
Info (332101): Design is fully constrained for hold requirements
Info: Quartus Prime Timing Analyzer was successful. 0 errors, 1 warning
    Info: Peak virtual memory: 4969 megabytes
    Info: Processing ended: Thu Jul 30 01:45:04 2026
    Info: Elapsed time: 00:00:02
    Info: Total CPU time (on all processors): 00:00:03
Info (293000): Quartus Prime Full Compilation was successful. 0 errors, 22 warnings
Info (23030): Evaluation of Tcl script c:/intelfpga_lite/18.1/quartus/common/tcl/internal/qsh_flow.tcl was successful
Info: Quartus Prime Shell was successful. 0 errors, 22 warnings
    Info: Peak virtual memory: 4716 megabytes
    Info: Processing ended: Thu Jul 30 01:45:05 2026
    Info: Elapsed time: 00:00:35
    Info: Total CPU time (on all processors): 00:02:14
